==================== 2026-08-27T08:40:59.719380Z | d80c3af2-a38d-4444-aa98-4c761feed50a ====================
08:40:59.721591 [info ]: Starting dbt LSP server
08:40:59.721633 [info ]: Connecting to LSP client on port 8000
08:40:59.723664 [info ]: Successfully connected to LSP client
08:40:59.723718 [info ]: Creating LSP service...
08:40:59.835386 [info ]: Creating LSP server...
08:40:59.835437 [info ]: Starting LSP server...
08:40:59.979730 [info ]: Started loading project
08:41:00.143252 [info ]: Started parsing
08:41:00.212524 [info ]: Finished loading project [  0.23s]
08:41:00.274343 [info ]: Finished parsing [  0.13s]
08:41:00.275194 [info ]: Cached model count updated: 2 models (estimate)
08:41:00.275242 [info ]: Cached model count updated: 2 models (accurate)
08:41:00.279608 [info ]: Started scheduling
08:41:00.283751 [info ]: Finished scheduling [  0.00s]
08:41:00.364920 [warn ]: dbt1050: No metadata adapter found for adapter type postgres
08:41:00.472445 [info ]: Started building task graph
08:41:00.477692 [info ]: Finished building task graph [  0.01s]
08:41:00.485499 [info ]: Started rendering (3 nodes)
08:41:00.487052 [info ]: Started model staging.stg_listings
08:41:00.487804 [debug]: Started rendering model staging.stg_listings
08:41:00.506670 [debug]: Finished rendering [  0.02s] model staging.stg_listings [success]
08:41:00.507446 [info ]: Started analyzing (3 nodes)
08:41:00.507498 [debug]: Started analyzing model staging.stg_listings
08:41:00.507586 [info ]:  Succeeded [  0.02s] model staging.stg_listings (view)
08:41:00.507633 [debug]: Finished analyzing [  0.00s] model staging.stg_listings [success]
08:41:00.507658 [info ]: Started snapshot gold.dim_product_snapshot
08:41:00.507670 [debug]: Started rendering snapshot gold.dim_product_snapshot
08:41:00.507729 [info ]: Started model gold.fact_price_daily
08:41:00.507777 [debug]: Started rendering model gold.fact_price_daily
08:41:00.510335 [debug]: Started analyzing model gold.fact_price_daily
08:41:00.510397 [debug]: Finished rendering [  0.00s] model gold.fact_price_daily [success]
08:41:00.510420 [debug]: Finished rendering [  0.00s] snapshot gold.dim_product_snapshot [success]
08:41:00.510434 [info ]: Finished rendering [  0.02s] (3 nodes, 0 skipped, 0 errors)
08:41:00.510491 [debug]: Started analyzing snapshot gold.dim_product_snapshot
08:41:00.510585 [info ]:  Succeeded [  0.00s] snapshot gold.dim_product_snapshot (table)
08:41:00.510643 [debug]: Finished analyzing [  0.00s] snapshot gold.dim_product_snapshot [success]
08:41:00.511551 [info ]:  Succeeded [  0.00s] model gold.fact_price_daily (table)
08:41:00.511612 [debug]: Finished analyzing [  0.00s] model gold.fact_price_daily [success]
08:41:00.511622 [info ]: Finished analyzing [  0.00s] (3 nodes, 0 skipped, 0 errors)
08:41:00.532654 [info ]: Cached model count updated: 2 models (accurate)
08:42:00.251650 [info ]: Started loading project
08:42:00.265859 [info ]: Started loading project
08:42:00.266379 [info ]: Finished loading project [  0.01s]
08:42:00.326024 [info ]: Started parsing
08:42:00.374830 [info ]: Finished loading project [  0.11s]
08:42:00.390087 [info ]: Finished parsing [  0.06s]
08:42:00.390303 [info ]: Cached model count updated: 2 models (estimate)
08:42:00.390344 [info ]: Cached model count updated: 2 models (accurate)
08:42:00.390380 [info ]: Started scheduling
08:42:00.390491 [info ]: Finished scheduling [  0.00s]
08:42:00.391680 [warn ]: dbt1050: No metadata adapter found for adapter type postgres
08:42:00.510371 [info ]: Started building task graph
08:42:00.510526 [info ]: Finished building task graph [  0.00s]
08:42:00.510698 [info ]: Started rendering (3 nodes)
08:42:00.510751 [info ]: Started model staging.stg_listings
08:42:00.510768 [debug]: Started rendering model staging.stg_listings
08:42:00.512766 [info ]: Started analyzing (3 nodes)
08:42:00.512834 [debug]: Finished rendering [  0.00s] model staging.stg_listings [success]
08:42:00.512969 [debug]: Started analyzing model staging.stg_listings
08:42:00.513139 [info ]:  Succeeded [  0.00s] model staging.stg_listings (view)
08:42:00.513370 [debug]: Finished analyzing [  0.00s] model staging.stg_listings [success]
08:42:00.513570 [info ]: Started model gold.fact_price_daily
08:42:00.513628 [debug]: Started rendering model gold.fact_price_daily
08:42:00.513701 [info ]: Started snapshot gold.dim_product_snapshot
08:42:00.513795 [debug]: Started rendering snapshot gold.dim_product_snapshot
08:42:00.516423 [debug]: Started analyzing model gold.fact_price_daily
08:42:00.516520 [debug]: Started analyzing snapshot gold.dim_product_snapshot
08:42:00.516522 [debug]: Finished rendering [  0.00s] snapshot gold.dim_product_snapshot [success]
08:42:00.516547 [debug]: Finished rendering [  0.00s] model gold.fact_price_daily [success]
08:42:00.516555 [info ]: Finished rendering [  0.01s] (3 nodes, 0 skipped, 0 errors)
08:42:00.516590 [info ]:  Succeeded [  0.00s] snapshot gold.dim_product_snapshot (table)
08:42:00.516611 [debug]: Finished analyzing [  0.00s] snapshot gold.dim_product_snapshot [success]
08:42:00.516655 [info ]:  Succeeded [  0.00s] model gold.fact_price_daily (table)
08:42:00.516716 [debug]: Finished analyzing [  0.00s] model gold.fact_price_daily [success]
08:42:00.516727 [info ]: Finished analyzing [  0.00s] (3 nodes, 0 skipped, 0 errors)
08:42:00.520935 [info ]: Cached model count updated: 2 models (accurate)
08:42:09.547522 [info ]: Started loading project
08:42:09.551433 [info ]: Started loading project
08:42:09.551854 [info ]: Finished loading project [  0.00s]
08:42:09.607023 [info ]: Started parsing
08:42:09.684355 [info ]: Finished loading project [  0.13s]
08:42:09.704332 [info ]: Finished parsing [  0.10s]
08:42:09.704609 [info ]: Cached model count updated: 3 models (estimate)
08:42:09.704652 [info ]: Cached model count updated: 3 models (accurate)
08:42:09.704681 [info ]: Started scheduling
08:42:09.704801 [info ]: Finished scheduling [  0.00s]
08:42:09.706298 [warn ]: dbt1050: No metadata adapter found for adapter type postgres
08:42:09.836502 [info ]: Started building task graph
08:42:09.836725 [info ]: Finished building task graph [  0.00s]
08:42:09.836958 [info ]: Started rendering (4 nodes)
08:42:09.837021 [info ]: Started model staging.stg_listings
08:42:09.837041 [debug]: Started rendering model staging.stg_listings
08:42:09.839387 [debug]: Finished rendering [  0.00s] model staging.stg_listings [success]
08:42:09.839461 [info ]: Started analyzing (4 nodes)
08:42:09.839483 [debug]: Started analyzing model staging.stg_listings
08:42:09.839547 [info ]:  Succeeded [  0.00s] model staging.stg_listings (view)
08:42:09.839600 [debug]: Finished analyzing [  0.00s] model staging.stg_listings [success]
08:42:09.839624 [info ]: Started model staging.stg_price_readings
08:42:09.839635 [debug]: Started rendering model staging.stg_price_readings
08:42:09.839687 [info ]: Started snapshot gold.dim_product_snapshot
08:42:09.839736 [debug]: Started rendering snapshot gold.dim_product_snapshot
08:42:09.839793 [info ]: Started model gold.fact_price_daily
08:42:09.839807 [debug]: Started rendering model gold.fact_price_daily
08:42:09.841233 [debug]: Started analyzing model staging.stg_price_readings
08:42:09.841295 [debug]: Finished rendering [  0.00s] model staging.stg_price_readings [success]
08:42:09.841337 [info ]:  Succeeded [  0.00s] model staging.stg_price_readings (view)
08:42:09.841395 [debug]: Finished analyzing [  0.00s] model staging.stg_price_readings [success]
08:42:09.841891 [debug]: Started analyzing model gold.fact_price_daily
08:42:09.841953 [debug]: Started analyzing snapshot gold.dim_product_snapshot
08:42:09.842005 [debug]: Finished rendering [  0.00s] snapshot gold.dim_product_snapshot [success]
08:42:09.842093 [debug]: Finished rendering [  0.00s] model gold.fact_price_daily [success]
08:42:09.842137 [info ]: Finished rendering [  0.01s] (4 nodes, 0 skipped, 0 errors)
08:42:09.842172 [info ]:  Succeeded [  0.00s] snapshot gold.dim_product_snapshot (table)
08:42:09.842232 [debug]: Finished analyzing [  0.00s] snapshot gold.dim_product_snapshot [success]
08:42:09.842253 [info ]:  Succeeded [  0.00s] model gold.fact_price_daily (table)
08:42:09.842268 [debug]: Finished analyzing [  0.00s] model gold.fact_price_daily [success]
08:42:09.842274 [info ]: Finished analyzing [  0.00s] (4 nodes, 0 skipped, 0 errors)
08:42:09.845498 [info ]: Cached model count updated: 3 models (accurate)
08:42:15.200173 [info ]: Started loading project
08:42:15.204542 [info ]: Started loading project
08:42:15.205023 [info ]: Finished loading project [  0.00s]
08:42:15.266492 [info ]: Started parsing
08:42:15.310795 [info ]: Finished loading project [  0.11s]
08:42:15.327900 [info ]: Finished parsing [  0.06s]
08:42:15.328159 [info ]: Cached model count updated: 3 models (estimate)
08:42:15.328210 [info ]: Cached model count updated: 3 models (accurate)
08:42:15.328243 [info ]: Started scheduling
08:42:15.328312 [info ]: Finished scheduling [  0.00s]
08:42:15.329312 [warn ]: dbt1050: No metadata adapter found for adapter type postgres
08:42:15.430337 [info ]: Started building task graph
08:42:15.430495 [info ]: Finished building task graph [  0.00s]
08:42:15.430709 [info ]: Started rendering (4 nodes)
08:42:15.430756 [info ]: Started model staging.stg_listings
08:42:15.430770 [debug]: Started rendering model staging.stg_listings
08:42:15.432729 [info ]: Started analyzing (4 nodes)
08:42:15.432806 [debug]: Finished rendering [  0.00s] model staging.stg_listings [success]
08:42:15.432848 [debug]: Started analyzing model staging.stg_listings
08:42:15.432948 [info ]:  Succeeded [  0.00s] model staging.stg_listings (view)
08:42:15.433009 [debug]: Finished analyzing [  0.00s] model staging.stg_listings [success]
08:42:15.433034 [info ]: Started model gold.fact_price_daily
08:42:15.433113 [debug]: Started rendering model gold.fact_price_daily
08:42:15.433173 [info ]: Started snapshot gold.dim_product_snapshot
08:42:15.433222 [debug]: Started rendering snapshot gold.dim_product_snapshot
08:42:15.433249 [info ]: Started model staging.stg_price_readings
08:42:15.433289 [debug]: Started rendering model staging.stg_price_readings
08:42:15.435065 [debug]: Started analyzing model staging.stg_price_readings
08:42:15.435092 [debug]: Finished rendering [  0.00s] model staging.stg_price_readings [success]
08:42:15.435179 [debug]: Finished rendering [  0.00s] snapshot gold.dim_product_snapshot [success]
08:42:15.435199 [debug]: Started analyzing snapshot gold.dim_product_snapshot
08:42:15.435228 [debug]: Finished rendering [  0.00s] model gold.fact_price_daily [success]
08:42:15.435274 [info ]: Finished rendering [  0.00s] (4 nodes, 0 skipped, 0 errors)
08:42:15.435296 [debug]: Started analyzing model gold.fact_price_daily
08:42:15.435357 [info ]:  Succeeded [  0.00s] model staging.stg_price_readings (view)
08:42:15.435409 [debug]: Finished analyzing [  0.00s] model staging.stg_price_readings [success]
08:42:15.435434 [info ]:  Succeeded [  0.00s] snapshot gold.dim_product_snapshot (table)
08:42:15.435445 [debug]: Finished analyzing [  0.00s] snapshot gold.dim_product_snapshot [success]
08:42:15.435484 [info ]:  Succeeded [  0.00s] model gold.fact_price_daily (table)
08:42:15.435499 [debug]: Finished analyzing [  0.00s] model gold.fact_price_daily [success]
08:42:15.435505 [info ]: Finished analyzing [  0.00s] (4 nodes, 0 skipped, 0 errors)
08:42:15.438932 [info ]: Cached model count updated: 3 models (accurate)
08:42:21.107776 [info ]: Started loading project
08:42:21.110731 [info ]: Started loading project
08:42:21.111204 [info ]: Finished loading project [  0.00s]
08:42:21.161351 [info ]: Started parsing
08:42:21.206800 [info ]: Finished loading project [  0.10s]
08:42:21.229533 [info ]: Finished parsing [  0.07s]
08:42:21.229781 [info ]: Cached model count updated: 4 models (estimate)
08:42:21.229822 [info ]: Cached model count updated: 4 models (accurate)
08:42:21.229858 [info ]: Started scheduling
08:42:21.229948 [info ]: Finished scheduling [  0.00s]
08:42:21.231058 [warn ]: dbt1050: No metadata adapter found for adapter type postgres
08:42:21.343411 [info ]: Started building task graph
08:42:21.343566 [info ]: Finished building task graph [  0.00s]
08:42:21.343758 [info ]: Started rendering (5 nodes)
08:42:21.343807 [info ]: Started model staging.stg_listings
08:42:21.343822 [debug]: Started rendering model staging.stg_listings
08:42:21.343872 [info ]: Started model gold.dim_date
08:42:21.343888 [debug]: Started rendering model gold.dim_date
08:42:21.345383 [info ]: Started analyzing (5 nodes)
08:42:21.345439 [debug]: Started analyzing model gold.dim_date
08:42:21.345464 [debug]: Finished rendering [  0.00s] model gold.dim_date [success]
08:42:21.345471 [debug]: Finished rendering [  0.00s] model staging.stg_listings [success]
08:42:21.345494 [debug]: Started analyzing model staging.stg_listings
08:42:21.345589 [info ]:  Succeeded [  0.00s] model staging.stg_listings (view)
08:42:21.345644 [debug]: Finished analyzing [  0.00s] model staging.stg_listings [success]
08:42:21.345663 [info ]: Started snapshot gold.dim_product_snapshot
08:42:21.345670 [debug]: Started rendering snapshot gold.dim_product_snapshot
08:42:21.345715 [info ]: Started model staging.stg_price_readings
08:42:21.345755 [debug]: Started rendering model staging.stg_price_readings
08:42:21.345780 [info ]: Started model gold.fact_price_daily
08:42:21.345828 [debug]: Started rendering model gold.fact_price_daily
08:42:21.345860 [info ]:  Succeeded [  0.00s] model gold.dim_date (table)
08:42:21.345909 [debug]: Finished analyzing [  0.00s] model gold.dim_date [success]
08:42:21.347089 [debug]: Started analyzing model staging.stg_price_readings
08:42:21.347158 [debug]: Finished rendering [  0.00s] model staging.stg_price_readings [success]
08:42:21.347179 [debug]: Finished rendering [  0.00s] snapshot gold.dim_product_snapshot [success]
08:42:21.347238 [debug]: Started analyzing snapshot gold.dim_product_snapshot
08:42:21.347298 [debug]: Finished rendering [  0.00s] model gold.fact_price_daily [success]
08:42:21.347345 [info ]: Finished rendering [  0.00s] (5 nodes, 0 skipped, 0 errors)
08:42:21.347364 [debug]: Started analyzing model gold.fact_price_daily
08:42:21.347424 [info ]:  Succeeded [  0.00s] model staging.stg_price_readings (view)
08:42:21.347469 [debug]: Finished analyzing [  0.00s] model staging.stg_price_readings [success]
08:42:21.347504 [info ]:  Succeeded [  0.00s] snapshot gold.dim_product_snapshot (table)
08:42:21.347560 [debug]: Finished analyzing [  0.00s] snapshot gold.dim_product_snapshot [success]
08:42:21.347583 [info ]:  Succeeded [  0.00s] model gold.fact_price_daily (table)
08:42:21.347652 [debug]: Finished analyzing [  0.00s] model gold.fact_price_daily [success]
08:42:21.347668 [info ]: Finished analyzing [  0.00s] (5 nodes, 0 skipped, 0 errors)
08:42:21.350160 [info ]: Cached model count updated: 4 models (accurate)
08:42:26.513345 [info ]: Started loading project
08:42:26.521907 [info ]: Started loading project
08:42:26.522670 [info ]: Finished loading project [  0.01s]
08:42:26.578047 [info ]: Started parsing
08:42:26.622446 [info ]: Finished loading project [  0.10s]
08:42:26.644071 [info ]: Finished parsing [  0.07s]
08:42:26.644584 [info ]: Cached model count updated: 5 models (estimate)
08:42:26.644636 [info ]: Cached model count updated: 5 models (accurate)
08:42:26.644696 [info ]: Started scheduling
08:42:26.644864 [info ]: Finished scheduling [  0.00s]
08:42:26.646486 [warn ]: dbt1050: No metadata adapter found for adapter type postgres
08:42:26.766681 [info ]: Started building task graph
08:42:26.766860 [info ]: Finished building task graph [  0.00s]
08:42:26.766982 [info ]: Started rendering (6 nodes)
08:42:26.767032 [info ]: Started model gold.dim_date
08:42:26.767045 [debug]: Started rendering model gold.dim_date
08:42:26.767104 [info ]: Started model staging.stg_listings
08:42:26.767150 [debug]: Started rendering model staging.stg_listings
08:42:26.769092 [debug]: Finished rendering [  0.00s] model gold.dim_date [success]
08:42:26.769171 [info ]: Started analyzing (6 nodes)
08:42:26.769184 [debug]: Started analyzing model gold.dim_date
08:42:26.769213 [debug]: Finished rendering [  0.00s] model staging.stg_listings [success]
08:42:26.769238 [debug]: Started analyzing model staging.stg_listings
08:42:26.769593 [info ]:  Succeeded [  0.00s] model staging.stg_listings (view)
08:42:26.769649 [debug]: Finished analyzing [  0.00s] model staging.stg_listings [success]
08:42:26.769673 [info ]: Started model gold.fact_price_daily
08:42:26.769686 [debug]: Started rendering model gold.fact_price_daily
08:42:26.769755 [info ]: Started model gold.dim_brand
08:42:26.769804 [debug]: Started rendering model gold.dim_brand
08:42:26.769860 [info ]: Started snapshot gold.dim_product_snapshot
08:42:26.769876 [debug]: Started rendering snapshot gold.dim_product_snapshot
08:42:26.769901 [info ]: Started model staging.stg_price_readings
08:42:26.769944 [debug]: Started rendering model staging.stg_price_readings
08:42:26.770025 [info ]:  Succeeded [  0.00s] model gold.dim_date (table)
08:42:26.770043 [debug]: Finished analyzing [  0.00s] model gold.dim_date [success]
08:42:26.771413 [debug]: Started analyzing snapshot gold.dim_product_snapshot
08:42:26.771571 [debug]: Finished rendering [  0.00s] snapshot gold.dim_product_snapshot [success]
08:42:26.771889 [info ]:  Succeeded [  0.00s] snapshot gold.dim_product_snapshot (table)
08:42:26.771942 [debug]: Finished analyzing [  0.00s] snapshot gold.dim_product_snapshot [success]
08:42:26.772176 [debug]: Started analyzing model gold.dim_brand
08:42:26.772260 [debug]: Finished rendering [  0.00s] model gold.dim_brand [success]
08:42:26.772262 [debug]: Started analyzing model gold.fact_price_daily
08:42:26.772281 [debug]: Finished rendering [  0.00s] model gold.fact_price_daily [success]
08:42:26.772291 [info ]:  Succeeded [  0.00s] model gold.dim_brand (table)
08:42:26.772309 [debug]: Finished analyzing [  0.00s] model gold.dim_brand [success]
08:42:26.772477 [info ]:  Succeeded [  0.00s] model gold.fact_price_daily (table)
08:42:26.772534 [debug]: Finished analyzing [  0.00s] model gold.fact_price_daily [success]
08:42:26.773354 [debug]: Started analyzing model staging.stg_price_readings
08:42:26.773419 [debug]: Finished rendering [  0.00s] model staging.stg_price_readings [success]
08:42:26.773433 [info ]: Finished rendering [  0.01s] (6 nodes, 0 skipped, 0 errors)
08:42:26.773494 [info ]:  Succeeded [  0.00s] model staging.stg_price_readings (view)
08:42:26.773554 [debug]: Finished analyzing [  0.00s] model staging.stg_price_readings [success]
08:42:26.773565 [info ]: Finished analyzing [  0.00s] (6 nodes, 0 skipped, 0 errors)
08:42:26.777208 [info ]: Cached model count updated: 5 models (accurate)
08:42:31.455570 [info ]: Started loading project
08:42:31.462428 [info ]: Started loading project
08:42:31.462894 [info ]: Finished loading project [  0.01s]
08:42:31.517072 [info ]: Started parsing
08:42:31.574610 [info ]: Finished loading project [  0.11s]
08:42:31.598797 [info ]: Finished parsing [  0.08s]
08:42:31.599076 [info ]: Cached model count updated: 6 models (estimate)
08:42:31.599124 [info ]: Cached model count updated: 6 models (accurate)
08:42:31.599239 [info ]: Started scheduling
08:42:31.599417 [info ]: Finished scheduling [  0.00s]
08:42:31.600810 [warn ]: dbt1050: No metadata adapter found for adapter type postgres
08:42:31.732086 [info ]: Started building task graph
08:42:31.732336 [info ]: Finished building task graph [  0.00s]
08:42:31.732555 [info ]: Started rendering (7 nodes)
08:42:31.732650 [info ]: Started model gold.dim_date
08:42:31.732766 [debug]: Started rendering model gold.dim_date
08:42:31.732964 [info ]: Started model staging.stg_listings
08:42:31.733040 [debug]: Started rendering model staging.stg_listings
08:42:31.735978 [info ]: Started analyzing (7 nodes)
08:42:31.736029 [debug]: Started analyzing model gold.dim_date
08:42:31.736125 [debug]: Started analyzing model staging.stg_listings
08:42:31.736186 [info ]:  Succeeded [  0.00s] model gold.dim_date (table)
08:42:31.736285 [debug]: Finished rendering [  0.00s] model gold.dim_date [success]
08:42:31.736318 [debug]: Finished analyzing [  0.00s] model gold.dim_date [success]
08:42:31.736376 [debug]: Finished rendering [  0.00s] model staging.stg_listings [success]
08:42:31.736417 [info ]:  Succeeded [  0.00s] model staging.stg_listings (view)
08:42:31.736434 [debug]: Finished analyzing [  0.00s] model staging.stg_listings [success]
08:42:31.736452 [info ]: Started model gold.dim_seller
08:42:31.736463 [debug]: Started rendering model gold.dim_seller
08:42:31.736569 [info ]: Started model staging.stg_price_readings
08:42:31.736990 [debug]: Started rendering model staging.stg_price_readings
08:42:31.737269 [info ]: Started model gold.fact_price_daily
08:42:31.737324 [debug]: Started rendering model gold.fact_price_daily
08:42:31.737535 [info ]: Started model gold.dim_brand
08:42:31.737604 [debug]: Started rendering model gold.dim_brand
08:42:31.737725 [info ]: Started snapshot gold.dim_product_snapshot
08:42:31.738589 [debug]: Started rendering snapshot gold.dim_product_snapshot
08:42:31.739336 [debug]: Finished rendering [  0.00s] model gold.dim_seller [success]
08:42:31.739451 [debug]: Started analyzing model gold.dim_seller
08:42:31.739518 [info ]:  Succeeded [  0.00s] model gold.dim_seller (table)
08:42:31.739536 [debug]: Finished analyzing [  0.00s] model gold.dim_seller [success]
08:42:31.740598 [debug]: Started analyzing model gold.dim_brand
08:42:31.740669 [debug]: Started analyzing model gold.fact_price_daily
08:42:31.740732 [info ]:  Succeeded [  0.00s] model gold.fact_price_daily (table)
08:42:31.740791 [debug]: Finished analyzing [  0.00s] model gold.fact_price_daily [success]
08:42:31.740862 [info ]:  Succeeded [  0.00s] model gold.dim_brand (table)
08:42:31.740882 [debug]: Finished analyzing [  0.00s] model gold.dim_brand [success]
08:42:31.740970 [debug]: Started analyzing model staging.stg_price_readings
08:42:31.741026 [info ]:  Succeeded [  0.00s] model staging.stg_price_readings (view)
08:42:31.741044 [debug]: Finished analyzing [  0.00s] model staging.stg_price_readings [success]
08:42:31.741453 [debug]: Finished rendering [  0.00s] model gold.fact_price_daily [success]
08:42:31.741616 [debug]: Finished rendering [  0.00s] model gold.dim_brand [success]
08:42:31.741676 [debug]: Finished rendering [  0.00s] model staging.stg_price_readings [success]
08:42:31.741686 [debug]: Finished rendering [  0.00s] snapshot gold.dim_product_snapshot [success]
08:42:31.741697 [info ]: Finished rendering [  0.01s] (7 nodes, 0 skipped, 0 errors)
08:42:31.741626 [debug]: Started analyzing snapshot gold.dim_product_snapshot
08:42:31.741904 [info ]:  Succeeded [  0.00s] snapshot gold.dim_product_snapshot (table)
08:42:31.742002 [debug]: Finished analyzing [  0.00s] snapshot gold.dim_product_snapshot [success]
08:42:31.742015 [info ]: Finished analyzing [  0.01s] (7 nodes, 0 skipped, 0 errors)
08:42:31.746919 [info ]: Cached model count updated: 6 models (accurate)
08:42:35.241133 [info ]: Started loading project
08:42:35.244353 [info ]: Started loading project
08:42:35.244730 [info ]: Finished loading project [  0.00s]
08:42:35.297565 [info ]: Started parsing
08:42:35.344965 [info ]: Finished loading project [  0.10s]
08:42:35.367251 [info ]: Finished parsing [  0.07s]
08:42:35.367482 [info ]: Cached model count updated: 7 models (estimate)
08:42:35.367519 [info ]: Cached model count updated: 7 models (accurate)
08:42:35.367552 [info ]: Started scheduling
08:42:35.367635 [info ]: Finished scheduling [  0.00s]
08:42:35.368779 [warn ]: dbt1050: No metadata adapter found for adapter type postgres
08:42:35.468724 [info ]: Started building task graph
08:42:35.468907 [info ]: Finished building task graph [  0.00s]
08:42:35.469069 [info ]: Started rendering (8 nodes)
08:42:35.469122 [info ]: Started model gold.dim_date
08:42:35.469135 [debug]: Started rendering model gold.dim_date
08:42:35.469185 [info ]: Started model staging.stg_listings
08:42:35.469196 [debug]: Started rendering model staging.stg_listings
08:42:35.470719 [info ]: Started analyzing (8 nodes)
08:42:35.470765 [debug]: Started analyzing model gold.dim_date
08:42:35.470844 [debug]: Finished rendering [  0.00s] model gold.dim_date [success]
08:42:35.470897 [debug]: Finished rendering [  0.00s] model staging.stg_listings [success]
08:42:35.470930 [debug]: Started analyzing model staging.stg_listings
08:42:35.470957 [info ]:  Succeeded [  0.00s] model gold.dim_date (table)
08:42:35.470980 [debug]: Finished analyzing [  0.00s] model gold.dim_date [success]
08:42:35.471027 [info ]:  Succeeded [  0.00s] model staging.stg_listings (view)
08:42:35.471074 [debug]: Finished analyzing [  0.00s] model staging.stg_listings [success]
08:42:35.471095 [info ]: Started model gold.dim_brand
08:42:35.471161 [debug]: Started rendering model gold.dim_brand
08:42:35.471213 [info ]: Started model gold.dim_seller
08:42:35.471255 [debug]: Started rendering model gold.dim_seller
08:42:35.471279 [info ]: Started model gold.fact_price_daily
08:42:35.471293 [debug]: Started rendering model gold.fact_price_daily
08:42:35.471316 [info ]: Started model gold.dim_category
08:42:35.471332 [debug]: Started rendering model gold.dim_category
08:42:35.471349 [info ]: Started snapshot gold.dim_product_snapshot
08:42:35.471358 [debug]: Started rendering snapshot gold.dim_product_snapshot
08:42:35.471376 [info ]: Started model staging.stg_price_readings
08:42:35.471383 [debug]: Started rendering model staging.stg_price_readings
08:42:35.473257 [debug]: Started analyzing model gold.dim_brand
08:42:35.473453 [info ]:  Succeeded [  0.00s] model gold.dim_brand (table)
08:42:35.473514 [debug]: Finished analyzing [  0.00s] model gold.dim_brand [success]
08:42:35.473538 [debug]: Finished rendering [  0.00s] snapshot gold.dim_product_snapshot [success]
08:42:35.473534 [debug]: Finished rendering [  0.00s] model gold.dim_brand [success]
08:42:35.473614 [debug]: Started analyzing snapshot gold.dim_product_snapshot
08:42:35.473730 [debug]: Finished rendering [  0.00s] model gold.fact_price_daily [success]
08:42:35.473782 [debug]: Started analyzing model gold.fact_price_daily
08:42:35.473807 [debug]: Finished rendering [  0.00s] model staging.stg_price_readings [success]
08:42:35.473820 [debug]: Started analyzing model staging.stg_price_readings
08:42:35.473900 [info ]:  Succeeded [  0.00s] snapshot gold.dim_product_snapshot (table)
08:42:35.473954 [debug]: Finished analyzing [  0.00s] snapshot gold.dim_product_snapshot [success]
08:42:35.474019 [debug]: Finished rendering [  0.00s] model gold.dim_seller [success]
08:42:35.474032 [debug]: Started analyzing model gold.dim_seller
08:42:35.474048 [info ]:  Succeeded [  0.00s] model gold.fact_price_daily (table)
08:42:35.474069 [debug]: Finished analyzing [  0.00s] model gold.fact_price_daily [success]
08:42:35.474084 [info ]:  Succeeded [  0.00s] model staging.stg_price_readings (view)
08:42:35.474102 [debug]: Finished analyzing [  0.00s] model staging.stg_price_readings [success]
08:42:35.474147 [info ]:  Succeeded [  0.00s] model gold.dim_seller (table)
08:42:35.474196 [debug]: Finished analyzing [  0.00s] model gold.dim_seller [success]
08:42:35.475436 [debug]: Started analyzing model gold.dim_category
08:42:35.475496 [debug]: Finished rendering [  0.00s] model gold.dim_category [success]
08:42:35.475520 [info ]: Finished rendering [  0.01s] (8 nodes, 0 skipped, 0 errors)
08:42:35.475581 [info ]:  Succeeded [  0.00s] model gold.dim_category (table)
08:42:35.475636 [debug]: Finished analyzing [  0.00s] model gold.dim_category [success]
08:42:35.475645 [info ]: Finished analyzing [  0.00s] (8 nodes, 0 skipped, 0 errors)
08:42:35.478917 [info ]: Cached model count updated: 7 models (accurate)
08:45:03.379449 [info ]: Started loading project
08:45:03.385070 [info ]: Started loading project
08:45:03.385688 [info ]: Finished loading project [  0.01s]
08:45:03.443167 [info ]: Started parsing
08:45:03.486920 [info ]: Finished loading project [  0.10s]
08:45:03.507800 [info ]: Finished parsing [  0.06s]
08:45:03.508071 [info ]: Cached model count updated: 8 models (estimate)
08:45:03.508151 [info ]: Cached model count updated: 8 models (accurate)
08:45:03.508224 [info ]: Started scheduling
08:45:03.508389 [info ]: Finished scheduling [  0.00s]
08:45:03.510272 [warn ]: dbt1050: No metadata adapter found for adapter type postgres
08:45:03.608205 [info ]: Started building task graph
08:45:03.608401 [info ]: Finished building task graph [  0.00s]
08:45:03.608594 [info ]: Started rendering (9 nodes)
08:45:03.608676 [info ]: Started model gold.dim_date
08:45:03.608695 [debug]: Started rendering model gold.dim_date
08:45:03.608803 [info ]: Started model staging.stg_listings
08:45:03.609223 [debug]: Started rendering model staging.stg_listings
08:45:03.611954 [info ]: Started analyzing (9 nodes)
08:45:03.612003 [debug]: Started analyzing model staging.stg_listings
08:45:03.612022 [debug]: Finished rendering [  0.00s] model staging.stg_listings [success]
08:45:03.612087 [info ]:  Succeeded [  0.00s] model staging.stg_listings (view)
08:45:03.612116 [debug]: Finished analyzing [  0.00s] model staging.stg_listings [success]
08:45:03.612132 [info ]: Started model gold.dim_brand
08:45:03.612142 [debug]: Started rendering model gold.dim_brand
08:45:03.612161 [info ]: Started snapshot gold.dim_product_snapshot
08:45:03.612173 [debug]: Started rendering snapshot gold.dim_product_snapshot
08:45:03.612189 [info ]: Started model gold.dim_category
08:45:03.612576 [debug]: Started rendering model gold.dim_category
08:45:03.612640 [info ]: Started model gold.dim_seller
08:45:03.612656 [debug]: Started rendering model gold.dim_seller
08:45:03.612684 [info ]: Started model staging.stg_price_readings
08:45:03.612695 [debug]: Started rendering model staging.stg_price_readings
08:45:03.612716 [debug]: Finished rendering [  0.00s] model gold.dim_date [success]
08:45:03.612733 [debug]: Started analyzing model gold.dim_date
08:45:03.612824 [info ]:  Succeeded [  0.00s] model gold.dim_date (table)
08:45:03.612872 [debug]: Finished analyzing [  0.00s] model gold.dim_date [success]
08:45:03.614981 [debug]: Started analyzing model staging.stg_price_readings
08:45:03.615098 [debug]: Finished rendering [  0.00s] model staging.stg_price_readings [success]
08:45:03.615105 [info ]:  Succeeded [  0.00s] model staging.stg_price_readings (view)
08:45:03.615217 [debug]: Finished analyzing [  0.00s] model staging.stg_price_readings [success]
08:45:03.615845 [debug]: Started analyzing snapshot gold.dim_product_snapshot
08:45:03.615965 [info ]:  Succeeded [  0.00s] snapshot gold.dim_product_snapshot (table)
08:45:03.615998 [debug]: Finished analyzing [  0.00s] snapshot gold.dim_product_snapshot [success]
08:45:03.616018 [debug]: Started analyzing model gold.dim_brand
08:45:03.616046 [debug]: Finished rendering [  0.00s] snapshot gold.dim_product_snapshot [success]
08:45:03.616043 [debug]: Finished rendering [  0.00s] model gold.dim_brand [success]
08:45:03.616085 [info ]:  Succeeded [  0.00s] model gold.dim_brand (table)
08:45:03.616103 [debug]: Finished analyzing [  0.00s] model gold.dim_brand [success]
08:45:03.616563 [debug]: Started analyzing model gold.dim_seller
08:45:03.616635 [debug]: Finished rendering [  0.00s] model gold.dim_seller [success]
08:45:03.616659 [info ]:  Succeeded [  0.00s] model gold.dim_seller (table)
08:45:03.616701 [debug]: Finished analyzing [  0.00s] model gold.dim_seller [success]
08:45:03.616840 [debug]: Started analyzing model gold.dim_category
08:45:03.616883 [debug]: Finished rendering [  0.00s] model gold.dim_category [success]
08:45:03.616943 [info ]:  Succeeded [  0.00s] model gold.dim_category (table)
08:45:03.616972 [debug]: Finished analyzing [  0.00s] model gold.dim_category [success]
08:45:03.616996 [info ]: Started model gold.dim_product
08:45:03.617043 [debug]: Started rendering model gold.dim_product
08:45:03.618827 [debug]: Started analyzing model gold.dim_product
08:45:03.618882 [debug]: Finished rendering [  0.00s] model gold.dim_product [success]
08:45:03.618934 [info ]:  Succeeded [  0.00s] model gold.dim_product (table)
08:45:03.618958 [debug]: Finished analyzing [  0.00s] model gold.dim_product [success]
08:45:03.618977 [info ]: Started model gold.fact_price_daily
08:45:03.619017 [debug]: Started rendering model gold.fact_price_daily
08:45:03.620554 [debug]: Started analyzing model gold.fact_price_daily
08:45:03.620604 [debug]: Finished rendering [  0.00s] model gold.fact_price_daily [success]
08:45:03.620617 [info ]: Finished rendering [  0.01s] (9 nodes, 0 skipped, 0 errors)
08:45:03.620766 [info ]:  Succeeded [  0.00s] model gold.fact_price_daily (table)
08:45:03.620820 [debug]: Finished analyzing [  0.00s] model gold.fact_price_daily [success]
08:45:03.620831 [info ]: Finished analyzing [  0.01s] (9 nodes, 0 skipped, 0 errors)
08:45:03.623611 [info ]: Cached model count updated: 8 models (accurate)
08:45:49.063435 [info ]: Started loading project
08:45:49.067015 [info ]: Started loading project
08:45:49.067438 [info ]: Finished loading project [  0.00s]
08:45:49.112606 [info ]: Started parsing
08:45:49.135244 [info ]: Finished loading project [  0.07s]
08:45:49.155932 [info ]: Finished parsing [  0.04s]
08:45:49.156194 [info ]: Cached model count updated: 9 models (estimate)
08:45:49.156234 [info ]: Cached model count updated: 9 models (accurate)
08:45:49.156329 [info ]: Started scheduling
08:45:49.156553 [info ]: Finished scheduling [  0.00s]
08:45:49.158459 [warn ]: dbt1050: No metadata adapter found for adapter type postgres
08:45:49.251199 [info ]: Started building task graph
08:45:49.251427 [info ]: Finished building task graph [  0.00s]
08:45:49.251582 [info ]: Started rendering (10 nodes)
08:45:49.251624 [info ]: Started model gold.dim_date
08:45:49.251662 [debug]: Started rendering model gold.dim_date
08:45:49.251714 [info ]: Started model staging.stg_listings
08:45:49.251753 [debug]: Started rendering model staging.stg_listings
08:45:49.254019 [debug]: Finished rendering [  0.00s] model gold.dim_date [success]
08:45:49.254073 [info ]: Started analyzing (10 nodes)
08:45:49.254083 [debug]: Started analyzing model gold.dim_date
08:45:49.254134 [info ]:  Succeeded [  0.00s] model gold.dim_date (table)
08:45:49.254146 [debug]: Finished analyzing [  0.00s] model gold.dim_date [success]
08:45:49.254272 [debug]: Started analyzing model staging.stg_listings
08:45:49.254306 [debug]: Finished rendering [  0.00s] model staging.stg_listings [success]
08:45:49.254358 [info ]:  Succeeded [  0.00s] model staging.stg_listings (view)
08:45:49.254372 [debug]: Finished analyzing [  0.00s] model staging.stg_listings [success]
08:45:49.254385 [info ]: Started snapshot gold.dim_product_snapshot
08:45:49.254398 [debug]: Started rendering snapshot gold.dim_product_snapshot
08:45:49.254446 [info ]: Started model gold.dim_seller
08:45:49.254513 [debug]: Started rendering model gold.dim_seller
08:45:49.254530 [info ]: Started model gold.dim_category
08:45:49.254538 [debug]: Started rendering model gold.dim_category
08:45:49.254547 [info ]: Started model staging.stg_price_readings
08:45:49.254555 [debug]: Started rendering model staging.stg_price_readings
08:45:49.254574 [info ]: Started model gold.dim_brand
08:45:49.254591 [debug]: Started rendering model gold.dim_brand
08:45:49.257309 [debug]: Started analyzing model staging.stg_price_readings
08:45:49.257369 [debug]: Finished rendering [  0.00s] model staging.stg_price_readings [success]
08:45:49.257422 [info ]:  Succeeded [  0.00s] model staging.stg_price_readings (view)
08:45:49.257491 [debug]: Finished analyzing [  0.00s] model staging.stg_price_readings [success]
08:45:49.257517 [debug]: Finished rendering [  0.00s] model gold.dim_category [success]
08:45:49.257532 [debug]: Started analyzing model gold.dim_category
08:45:49.257772 [debug]: Finished rendering [  0.00s] model gold.dim_brand [success]
08:45:49.257838 [debug]: Started analyzing model gold.dim_brand
08:45:49.257893 [info ]:  Succeeded [  0.00s] model gold.dim_category (table)
08:45:49.257909 [debug]: Finished analyzing [  0.00s] model gold.dim_category [success]
08:45:49.257924 [debug]: Finished rendering [  0.00s] model gold.dim_seller [success]
08:45:49.257935 [debug]: Started analyzing model gold.dim_seller
08:45:49.258031 [debug]: Finished rendering [  0.00s] snapshot gold.dim_product_snapshot [success]
08:45:49.258048 [debug]: Started analyzing snapshot gold.dim_product_snapshot
08:45:49.258093 [info ]:  Succeeded [  0.00s] snapshot gold.dim_product_snapshot (table)
08:45:49.258106 [debug]: Finished analyzing [  0.00s] snapshot gold.dim_product_snapshot [success]
08:45:49.258162 [info ]:  Succeeded [  0.00s] model gold.dim_brand (table)
08:45:49.258207 [debug]: Finished analyzing [  0.00s] model gold.dim_brand [success]
08:45:49.258292 [info ]:  Succeeded [  0.00s] model gold.dim_seller (table)
08:45:49.258338 [debug]: Finished analyzing [  0.00s] model gold.dim_seller [success]
08:45:49.258358 [info ]: Started model gold.dim_product
08:45:49.258398 [debug]: Started rendering model gold.dim_product
08:45:49.259961 [debug]: Started analyzing model gold.dim_product
08:45:49.260018 [debug]: Finished rendering [  0.00s] model gold.dim_product [success]
08:45:49.260071 [info ]:  Succeeded [  0.00s] model gold.dim_product (table)
08:45:49.260095 [debug]: Finished analyzing [  0.00s] model gold.dim_product [success]
08:45:49.260118 [info ]: Started model gold.fact_price_change
08:45:49.260161 [debug]: Started rendering model gold.fact_price_change
08:45:49.260210 [info ]: Started model gold.fact_price_daily
08:45:49.260251 [debug]: Started rendering model gold.fact_price_daily
08:45:49.262071 [debug]: Started analyzing model gold.fact_price_change
08:45:49.262089 [debug]: Finished rendering [  0.00s] model gold.fact_price_change [success]
08:45:49.262168 [debug]: Finished rendering [  0.00s] model gold.fact_price_daily [success]
08:45:49.262183 [info ]: Finished rendering [  0.01s] (10 nodes, 0 skipped, 0 errors)
08:45:49.262200 [debug]: Started analyzing model gold.fact_price_daily
08:45:49.262311 [info ]:  Succeeded [  0.00s] model gold.fact_price_daily (table)
08:45:49.262361 [debug]: Finished analyzing [  0.00s] model gold.fact_price_daily [success]
08:45:49.262380 [info ]:  Succeeded [  0.00s] model gold.fact_price_change (table)
08:45:49.262424 [debug]: Finished analyzing [  0.00s] model gold.fact_price_change [success]
08:45:49.262433 [info ]: Finished analyzing [  0.01s] (10 nodes, 0 skipped, 0 errors)
08:45:49.266377 [info ]: Cached model count updated: 9 models (accurate)
08:45:57.787833 [info ]: Started loading project
08:45:57.804934 [info ]: Started parsing
08:45:57.840403 [info ]: Finished loading project [  0.05s]
08:45:57.887565 [info ]: Finished parsing [  0.08s]
08:45:57.888758 [info ]: Cached model count updated: 9 models (estimate)
08:45:57.888797 [info ]: Cached model count updated: 9 models (accurate)
08:45:57.888848 [info ]: Started scheduling
08:45:57.890316 [info ]: Finished scheduling [  0.00s]
08:45:57.890801 [warn ]: dbt1000: The selection criterion '' does not match any enabled nodes
08:45:57.890842 [warn ]: dbt1000: Nothing to do. Try checking your model configs and model specification args
08:45:57.991221 [info ]: Started building task graph
08:45:57.991409 [info ]: Finished building task graph [  0.00s]
08:45:57.991571 [debug]: Incremental compilation - 0 nodes selected: {}
08:45:57.994254 [info ]: Cached model count updated: 9 models (accurate)
08:47:43.919402 [info ]: Started loading project
08:47:43.924651 [info ]: Started parsing
08:47:43.939331 [info ]: Finished loading project [  0.02s]
08:47:43.980438 [info ]: Finished parsing [  0.06s]
08:47:43.981374 [info ]: Cached model count updated: 9 models (estimate)
08:47:43.981412 [info ]: Cached model count updated: 9 models (accurate)
08:47:43.981492 [info ]: Started scheduling
08:47:43.982645 [info ]: Finished scheduling [  0.00s]
08:47:43.984008 [warn ]: dbt1050: No metadata adapter found for adapter type postgres
08:47:44.089149 [info ]: Started building task graph
08:47:44.089378 [info ]: Finished building task graph [  0.00s]
08:47:44.089571 [info ]: Started rendering (1 nodes)
08:47:44.089621 [info ]: Started model gold.fact_price_daily
08:47:44.089635 [debug]: Started rendering model gold.fact_price_daily
08:47:44.092002 [info ]: Started analyzing (1 nodes)
08:47:44.092017 [debug]: Finished rendering [  0.00s] model gold.fact_price_daily [success]
08:47:44.092083 [debug]: Started analyzing model gold.fact_price_daily
08:47:44.092095 [info ]: Finished rendering [  0.00s] (1 nodes, 0 skipped, 0 errors)
08:47:44.092183 [info ]:  Succeeded [  0.00s] model gold.fact_price_daily (table)
08:47:44.092243 [debug]: Finished analyzing [  0.00s] model gold.fact_price_daily [success]
08:47:44.092254 [info ]: Finished analyzing [  0.00s] (1 nodes, 0 skipped, 0 errors)
08:47:44.092450 [debug]: Incremental compilation - 1 nodes selected: {"model.tiki_gold.fact_price_daily"}
08:47:44.096442 [info ]: Cached model count updated: 9 models (accurate)
08:47:51.495661 [info ]: Started loading project
08:47:51.501184 [info ]: Started parsing
08:47:51.527695 [info ]: Finished loading project [  0.03s]
08:47:51.567755 [info ]: Finished parsing [  0.07s]
08:47:51.568788 [info ]: Cached model count updated: 9 models (estimate)
08:47:51.568825 [info ]: Cached model count updated: 9 models (accurate)
08:47:51.568877 [info ]: Started scheduling
08:47:51.569082 [info ]: Finished scheduling [  0.00s]
08:47:51.570143 [warn ]: dbt1050: No metadata adapter found for adapter type postgres
08:47:51.673210 [info ]: Started building task graph
08:47:51.673366 [info ]: Finished building task graph [  0.00s]
08:47:51.673489 [info ]: Started rendering (1 nodes)
08:47:51.673538 [info ]: Started model gold.fact_price_change
08:47:51.673552 [debug]: Started rendering model gold.fact_price_change
08:47:51.676153 [info ]: Started analyzing (1 nodes)
08:47:51.676202 [debug]: Started analyzing model gold.fact_price_change
08:47:51.676227 [debug]: Finished rendering [  0.00s] model gold.fact_price_change [success]
08:47:51.676241 [info ]: Finished rendering [  0.00s] (1 nodes, 0 skipped, 0 errors)
08:47:51.676304 [info ]:  Succeeded [  0.00s] model gold.fact_price_change (table)
08:47:51.676369 [debug]: Finished analyzing [  0.00s] model gold.fact_price_change [success]
08:47:51.676380 [info ]: Finished analyzing [  0.00s] (1 nodes, 0 skipped, 0 errors)
08:47:51.676474 [debug]: Incremental compilation - 1 nodes selected: {"model.tiki_gold.fact_price_change"}
08:47:51.680030 [info ]: Cached model count updated: 9 models (accurate)
08:56:36.178631 [info ]: Started loading project
08:56:36.189498 [info ]: Finished loading project [  0.01s]
08:56:36.189836 [info ]: Cached model count updated: 9 models (accurate)
==================== 2026-09-03T08:56:53.894374Z | ee11ebea-d77b-47b9-ae95-e8e95a799f65 ====================
08:56:53.896877 [info ]: Starting dbt LSP server
08:56:53.896988 [info ]: Connecting to LSP client on port 8000
08:56:53.898613 [info ]: Successfully connected to LSP client
08:56:53.898648 [info ]: Creating LSP service...
08:56:54.019878 [info ]: Creating LSP server...
08:56:54.019926 [info ]: Starting LSP server...
08:56:54.116209 [info ]: Started loading project
08:56:54.292672 [info ]: Started parsing
08:56:54.372339 [info ]: Finished loading project [  0.26s]
08:56:54.477544 [info ]: Finished parsing [  0.18s]
08:56:54.478502 [info ]: Cached model count updated: 9 models (estimate)
08:56:54.478542 [info ]: Cached model count updated: 9 models (accurate)
08:56:54.482450 [info ]: Started scheduling
08:56:54.489138 [info ]: Finished scheduling [  0.01s]
08:56:54.594051 [warn ]: dbt1050: No metadata adapter found for adapter type postgres
08:56:54.733908 [info ]: Started building task graph
08:56:54.740560 [info ]: Finished building task graph [  0.01s]
08:56:54.754784 [info ]: Started rendering (10 nodes)
08:56:54.755820 [info ]: Started model gold.dim_date
08:56:54.756529 [debug]: Started rendering model gold.dim_date
08:56:54.757159 [info ]: Started model staging.stg_listings
08:56:54.757207 [debug]: Started rendering model staging.stg_listings
08:56:54.775488 [debug]: Finished rendering [  0.02s] model gold.dim_date [success]
08:56:54.776067 [info ]: Started analyzing (10 nodes)
08:56:54.776133 [debug]: Started analyzing model gold.dim_date
08:56:54.776169 [debug]: Finished rendering [  0.02s] model staging.stg_listings [success]
08:56:54.776186 [debug]: Started analyzing model staging.stg_listings
08:56:54.777206 [info ]:  Succeeded [  0.02s] model staging.stg_listings (view)
08:56:54.777276 [debug]: Finished analyzing [  0.00s] model staging.stg_listings [success]
08:56:54.777324 [info ]: Started model gold.dim_category
08:56:54.777390 [debug]: Started rendering model gold.dim_category
08:56:54.777473 [info ]: Started model gold.dim_brand
08:56:54.777541 [debug]: Started rendering model gold.dim_brand
08:56:54.777623 [info ]: Started model staging.stg_price_readings
08:56:54.777698 [debug]: Started rendering model staging.stg_price_readings
08:56:54.777926 [info ]: Started model gold.dim_seller
08:56:54.777983 [debug]: Started rendering model gold.dim_seller
08:56:54.778013 [info ]: Started snapshot gold.dim_product_snapshot
08:56:54.778023 [debug]: Started rendering snapshot gold.dim_product_snapshot
08:56:54.778044 [info ]:  Succeeded [  0.02s] model gold.dim_date (table)
08:56:54.778064 [debug]: Finished analyzing [  0.00s] model gold.dim_date [success]
08:56:54.781647 [debug]: Finished rendering [  0.00s] model gold.dim_seller [success]
08:56:54.781717 [debug]: Started analyzing model gold.dim_seller
08:56:54.781744 [debug]: Finished rendering [  0.00s] model gold.dim_category [success]
08:56:54.781756 [debug]: Started analyzing model gold.dim_category
08:56:54.781804 [debug]: Finished rendering [  0.00s] model staging.stg_price_readings [success]
08:56:54.781847 [debug]: Started analyzing model staging.stg_price_readings
08:56:54.781865 [debug]: Finished rendering [  0.00s] model gold.dim_brand [success]
08:56:54.781873 [debug]: Started analyzing model gold.dim_brand
08:56:54.781883 [debug]: Finished rendering [  0.00s] snapshot gold.dim_product_snapshot [success]
08:56:54.781891 [debug]: Started analyzing snapshot gold.dim_product_snapshot
08:56:54.781900 [info ]:  Succeeded [  0.00s] model gold.dim_seller (table)
08:56:54.781913 [debug]: Finished analyzing [  0.00s] model gold.dim_seller [success]
08:56:54.781922 [info ]:  Succeeded [  0.00s] model staging.stg_price_readings (view)
08:56:54.781931 [debug]: Finished analyzing [  0.00s] model staging.stg_price_readings [success]
08:56:54.781939 [info ]:  Succeeded [  0.00s] model gold.dim_category (table)
08:56:54.781944 [debug]: Finished analyzing [  0.00s] model gold.dim_category [success]
08:56:54.781950 [info ]:  Succeeded [  0.00s] model gold.dim_brand (table)
08:56:54.781955 [debug]: Finished analyzing [  0.00s] model gold.dim_brand [success]
08:56:54.781985 [info ]:  Succeeded [  0.00s] snapshot gold.dim_product_snapshot (table)
08:56:54.782023 [debug]: Finished analyzing [  0.00s] snapshot gold.dim_product_snapshot [success]
08:56:54.782040 [info ]: Started model gold.dim_product
08:56:54.782047 [debug]: Started rendering model gold.dim_product
08:56:54.783952 [debug]: Started analyzing model gold.dim_product
08:56:54.784064 [info ]:  Succeeded [  0.00s] model gold.dim_product (table)
08:56:54.784081 [debug]: Finished analyzing [  0.00s] model gold.dim_product [success]
08:56:54.784099 [info ]: Started model gold.fact_price_daily
08:56:54.784112 [debug]: Started rendering model gold.fact_price_daily
08:56:54.784181 [info ]: Started model gold.fact_price_change
08:56:54.784229 [debug]: Started rendering model gold.fact_price_change
08:56:54.784094 [debug]: Finished rendering [  0.00s] model gold.dim_product [success]
08:56:54.785881 [debug]: Started analyzing model gold.fact_price_change
08:56:54.785927 [debug]: Finished rendering [  0.00s] model gold.fact_price_change [success]
08:56:54.785978 [info ]:  Succeeded [  0.00s] model gold.fact_price_change (table)
08:56:54.786050 [debug]: Finished analyzing [  0.00s] model gold.fact_price_change [success]
08:56:54.786069 [debug]: Finished rendering [  0.00s] model gold.fact_price_daily [success]
08:56:54.786104 [info ]: Finished rendering [  0.03s] (10 nodes, 0 skipped, 0 errors)
08:56:54.786118 [debug]: Started analyzing model gold.fact_price_daily
08:56:54.786215 [info ]:  Succeeded [  0.00s] model gold.fact_price_daily (table)
08:56:54.786272 [debug]: Finished analyzing [  0.00s] model gold.fact_price_daily [success]
08:56:54.786280 [info ]: Finished analyzing [  0.01s] (10 nodes, 0 skipped, 0 errors)
08:56:54.813953 [info ]: Cached model count updated: 9 models (accurate)
09:09:55.821191 [info ]: Started loading project
09:09:55.833647 [info ]: Started loading project
09:09:55.833979 [info ]: Finished loading project [  0.01s]
09:09:55.885847 [info ]: Started parsing
09:09:55.931859 [info ]: Finished loading project [  0.10s]
09:09:55.980240 [info ]: Finished parsing [  0.09s]
09:09:55.980620 [info ]: Cached model count updated: 9 models (estimate)
09:09:55.980665 [info ]: Cached model count updated: 9 models (accurate)
09:09:55.980723 [info ]: Started scheduling
09:09:55.980952 [info ]: Finished scheduling [  0.00s]
09:09:55.982569 [warn ]: dbt1050: No metadata adapter found for adapter type postgres
09:09:56.084747 [info ]: Started building task graph
09:09:56.085094 [info ]: Finished building task graph [  0.00s]
09:09:56.085363 [info ]: Started rendering (10 nodes)
09:09:56.085424 [info ]: Started model gold.dim_date
09:09:56.085492 [debug]: Started rendering model gold.dim_date
09:09:56.085615 [info ]: Started model staging.stg_listings
09:09:56.085714 [debug]: Started rendering model staging.stg_listings
09:09:56.087920 [debug]: Finished rendering [  0.00s] model gold.dim_date [success]
09:09:56.087986 [info ]: Started analyzing (10 nodes)
09:09:56.087997 [debug]: Started analyzing model gold.dim_date
09:09:56.088021 [debug]: Finished rendering [  0.00s] model staging.stg_listings [success]
09:09:56.088038 [debug]: Started analyzing model staging.stg_listings
09:09:56.088211 [info ]:  Succeeded [  0.00s] model staging.stg_listings (view)
09:09:56.088266 [debug]: Finished analyzing [  0.00s] model staging.stg_listings [success]
09:09:56.088289 [info ]: Started model gold.dim_category
09:09:56.088300 [debug]: Started rendering model gold.dim_category
09:09:56.088349 [info ]: Started model gold.dim_seller
09:09:56.088362 [debug]: Started rendering model gold.dim_seller
09:09:56.088385 [info ]: Started model staging.stg_price_readings
09:09:56.088393 [debug]: Started rendering model staging.stg_price_readings
09:09:56.088441 [info ]: Started model gold.dim_brand
09:09:56.088454 [debug]: Started rendering model gold.dim_brand
09:09:56.088470 [info ]: Started snapshot gold.dim_product_snapshot
09:09:56.088478 [debug]: Started rendering snapshot gold.dim_product_snapshot
09:09:56.088505 [info ]:  Succeeded [  0.00s] model gold.dim_date (table)
09:09:56.088523 [debug]: Finished analyzing [  0.00s] model gold.dim_date [success]
09:09:56.091732 [debug]: Started analyzing model gold.dim_category
09:09:56.091832 [info ]:  Succeeded [  0.00s] model gold.dim_category (table)
09:09:56.091851 [debug]: Finished analyzing [  0.00s] model gold.dim_category [success]
09:09:56.091875 [debug]: Finished rendering [  0.00s] model gold.dim_category [success]
09:09:56.093160 [debug]: Started analyzing model gold.dim_seller
09:09:56.093206 [debug]: Finished rendering [  0.00s] model gold.dim_seller [success]
09:09:56.093243 [info ]:  Succeeded [  0.00s] model gold.dim_seller (table)
09:09:56.093261 [debug]: Finished analyzing [  0.00s] model gold.dim_seller [success]
09:09:56.095223 [debug]: Started analyzing model gold.dim_brand
09:09:56.095328 [info ]:  Succeeded [  0.01s] model gold.dim_brand (table)
09:09:56.095348 [debug]: Finished analyzing [  0.00s] model gold.dim_brand [success]
09:09:56.095373 [debug]: Finished rendering [  0.01s] model gold.dim_brand [success]
09:09:56.095592 [debug]: Started analyzing snapshot gold.dim_product_snapshot
09:09:56.095652 [info ]:  Succeeded [  0.01s] snapshot gold.dim_product_snapshot (table)
09:09:56.095704 [debug]: Finished analyzing [  0.00s] snapshot gold.dim_product_snapshot [success]
09:09:56.095746 [debug]: Finished rendering [  0.01s] snapshot gold.dim_product_snapshot [success]
09:09:56.095749 [info ]: Started model gold.dim_product
09:09:56.095773 [debug]: Started rendering model gold.dim_product
09:09:56.096920 [debug]: Started analyzing model staging.stg_price_readings
09:09:56.097020 [info ]:  Succeeded [  0.01s] model staging.stg_price_readings (view)
09:09:56.097071 [debug]: Finished analyzing [  0.00s] model staging.stg_price_readings [success]
09:09:56.097115 [debug]: Finished rendering [  0.01s] model staging.stg_price_readings [success]
09:09:56.097826 [debug]: Started analyzing model gold.dim_product
09:09:56.097875 [debug]: Finished rendering [  0.00s] model gold.dim_product [success]
09:09:56.097910 [info ]:  Succeeded [  0.00s] model gold.dim_product (table)
09:09:56.097929 [debug]: Finished analyzing [  0.00s] model gold.dim_product [success]
09:09:56.097946 [info ]: Started model gold.fact_price_daily
09:09:56.097960 [debug]: Started rendering model gold.fact_price_daily
09:09:56.098012 [info ]: Started model gold.fact_price_change
09:09:56.098026 [debug]: Started rendering model gold.fact_price_change
09:09:56.099676 [debug]: Started analyzing model gold.fact_price_change
09:09:56.099750 [info ]:  Succeeded [  0.00s] model gold.fact_price_change (table)
09:09:56.099768 [debug]: Finished analyzing [  0.00s] model gold.fact_price_change [success]
09:09:56.099794 [debug]: Started analyzing model gold.fact_price_daily
09:09:56.099796 [debug]: Finished rendering [  0.00s] model gold.fact_price_daily [success]
09:09:56.099836 [debug]: Finished rendering [  0.00s] model gold.fact_price_change [success]
09:09:56.099849 [info ]: Finished rendering [  0.01s] (10 nodes, 0 skipped, 0 errors)
09:09:56.099847 [info ]:  Succeeded [  0.00s] model gold.fact_price_daily (table)
09:09:56.099862 [debug]: Finished analyzing [  0.00s] model gold.fact_price_daily [success]
09:09:56.099869 [info ]: Finished analyzing [  0.01s] (10 nodes, 0 skipped, 0 errors)
09:09:56.104276 [info ]: Cached model count updated: 9 models (accurate)
09:11:12.191570 [info ]: Started loading project
09:11:12.197722 [info ]: Started loading project
09:11:12.198235 [info ]: Finished loading project [  0.01s]
09:11:12.250015 [info ]: Started parsing
09:11:12.288585 [info ]: Finished loading project [  0.09s]
09:11:12.333411 [info ]: Finished parsing [  0.08s]
09:11:12.333740 [info ]: Cached model count updated: 9 models (estimate)
09:11:12.333777 [info ]: Cached model count updated: 9 models (accurate)
09:11:12.333825 [info ]: Started scheduling
09:11:12.333964 [info ]: Finished scheduling [  0.00s]
09:11:12.335148 [warn ]: dbt1050: No metadata adapter found for adapter type postgres
09:11:12.443600 [info ]: Started building task graph
09:11:12.443912 [info ]: Finished building task graph [  0.00s]
09:11:12.444193 [info ]: Started rendering (10 nodes)
09:11:12.444246 [info ]: Started model gold.dim_date
09:11:12.444262 [debug]: Started rendering model gold.dim_date
09:11:12.444340 [info ]: Started model staging.stg_listings
09:11:12.444361 [debug]: Started rendering model staging.stg_listings
09:11:12.446748 [debug]: Finished rendering [  0.00s] model staging.stg_listings [success]
09:11:12.446823 [info ]: Started analyzing (10 nodes)
09:11:12.446836 [debug]: Started analyzing model staging.stg_listings
09:11:12.446861 [debug]: Finished rendering [  0.00s] model gold.dim_date [success]
09:11:12.446878 [debug]: Started analyzing model gold.dim_date
09:11:12.446962 [info ]:  Succeeded [  0.00s] model gold.dim_date (table)
09:11:12.447051 [debug]: Finished analyzing [  0.00s] model gold.dim_date [success]
09:11:12.447073 [info ]:  Succeeded [  0.00s] model staging.stg_listings (view)
09:11:12.447086 [debug]: Finished analyzing [  0.00s] model staging.stg_listings [success]
09:11:12.447101 [info ]: Started model gold.dim_category
09:11:12.447114 [debug]: Started rendering model gold.dim_category
09:11:12.447167 [info ]: Started model gold.dim_seller
09:11:12.447212 [debug]: Started rendering model gold.dim_seller
09:11:12.447234 [info ]: Started snapshot gold.dim_product_snapshot
09:11:12.447243 [debug]: Started rendering snapshot gold.dim_product_snapshot
09:11:12.447256 [info ]: Started model staging.stg_price_readings
09:11:12.447271 [debug]: Started rendering model staging.stg_price_readings
09:11:12.447309 [info ]: Started model gold.dim_brand
09:11:12.447353 [debug]: Started rendering model gold.dim_brand
09:11:12.450270 [debug]: Started analyzing model staging.stg_price_readings
09:11:12.450336 [debug]: Finished rendering [  0.00s] model staging.stg_price_readings [success]
09:11:12.450388 [info ]:  Succeeded [  0.00s] model staging.stg_price_readings (view)
09:11:12.450413 [debug]: Finished analyzing [  0.00s] model staging.stg_price_readings [success]
09:11:12.450438 [debug]: Finished rendering [  0.00s] model gold.dim_category [success]
09:11:12.450454 [debug]: Started analyzing model gold.dim_category
09:11:12.450546 [info ]:  Succeeded [  0.00s] model gold.dim_category (table)
09:11:12.450599 [debug]: Finished analyzing [  0.00s] model gold.dim_category [success]
09:11:12.450803 [debug]: Started analyzing model gold.dim_seller
09:11:12.450995 [info ]:  Succeeded [  0.00s] model gold.dim_seller (table)
09:11:12.451016 [debug]: Finished analyzing [  0.00s] model gold.dim_seller [success]
09:11:12.451123 [debug]: Finished rendering [  0.00s] model gold.dim_seller [success]
09:11:12.451319 [debug]: Started analyzing model gold.dim_brand
09:11:12.451405 [info ]:  Succeeded [  0.00s] model gold.dim_brand (table)
09:11:12.451408 [debug]: Finished rendering [  0.00s] model gold.dim_brand [success]
09:11:12.451481 [debug]: Finished analyzing [  0.00s] model gold.dim_brand [success]
09:11:12.451612 [debug]: Started analyzing snapshot gold.dim_product_snapshot
09:11:12.451689 [info ]:  Succeeded [  0.00s] snapshot gold.dim_product_snapshot (table)
09:11:12.451704 [debug]: Finished rendering [  0.00s] snapshot gold.dim_product_snapshot [success]
09:11:12.451774 [debug]: Finished analyzing [  0.00s] snapshot gold.dim_product_snapshot [success]
09:11:12.451862 [info ]: Started model gold.dim_product
09:11:12.451981 [debug]: Started rendering model gold.dim_product
09:11:12.453831 [debug]: Started analyzing model gold.dim_product
09:11:12.453911 [debug]: Finished rendering [  0.00s] model gold.dim_product [success]
09:11:12.453922 [info ]:  Succeeded [  0.00s] model gold.dim_product (table)
09:11:12.453940 [debug]: Finished analyzing [  0.00s] model gold.dim_product [success]
09:11:12.453960 [info ]: Started model gold.fact_price_change
09:11:12.453972 [debug]: Started rendering model gold.fact_price_change
09:11:12.454030 [info ]: Started model gold.fact_price_daily
09:11:12.454070 [debug]: Started rendering model gold.fact_price_daily
09:11:12.455447 [debug]: Started analyzing model gold.fact_price_change
09:11:12.455579 [debug]: Finished rendering [  0.00s] model gold.fact_price_change [success]
09:11:12.455589 [debug]: Finished rendering [  0.00s] model gold.fact_price_daily [success]
09:11:12.455605 [info ]: Finished rendering [  0.01s] (10 nodes, 0 skipped, 0 errors)
09:11:12.455622 [debug]: Started analyzing model gold.fact_price_daily
09:11:12.455725 [info ]:  Succeeded [  0.00s] model gold.fact_price_daily (table)
09:11:12.455779 [debug]: Finished analyzing [  0.00s] model gold.fact_price_daily [success]
09:11:12.455802 [info ]:  Succeeded [  0.00s] model gold.fact_price_change (table)
09:11:12.455814 [debug]: Finished analyzing [  0.00s] model gold.fact_price_change [success]
09:11:12.455822 [info ]: Finished analyzing [  0.01s] (10 nodes, 0 skipped, 0 errors)
09:11:12.458649 [info ]: Cached model count updated: 9 models (accurate)
09:14:33.010511 [info ]: Started loading project
09:14:33.014564 [info ]: Started loading project
09:14:33.014990 [info ]: Finished loading project [  0.00s]
09:14:33.067732 [info ]: Started parsing
09:14:33.105647 [info ]: Finished loading project [  0.09s]
09:14:33.154271 [info ]: Finished parsing [  0.09s]
09:14:33.154805 [info ]: Cached model count updated: 9 models (estimate)
09:14:33.154876 [info ]: Cached model count updated: 9 models (accurate)
09:14:33.154950 [info ]: Started scheduling
09:14:33.155251 [info ]: Finished scheduling [  0.00s]
09:14:33.157430 [warn ]: dbt1050: No metadata adapter found for adapter type postgres
09:14:47.896375 [info ]: Started building task graph
09:14:47.896961 [info ]: Finished building task graph [  0.00s]
09:14:47.897425 [info ]: Started rendering (10 nodes)
09:14:47.897486 [info ]: Started model gold.dim_date
09:14:47.897606 [debug]: Started rendering model gold.dim_date
09:14:47.898006 [info ]: Started model staging.stg_listings
09:14:47.898292 [debug]: Started rendering model staging.stg_listings
09:14:47.900898 [debug]: Finished rendering [  0.00s] model staging.stg_listings [success]
09:14:47.900962 [info ]: Started analyzing (10 nodes)
09:14:47.900973 [debug]: Started analyzing model staging.stg_listings
09:14:47.900994 [debug]: Finished rendering [  0.00s] model gold.dim_date [success]
09:14:47.901008 [debug]: Started analyzing model gold.dim_date
09:14:47.901128 [info ]:  Succeeded [  0.00s] model gold.dim_date (table)
09:14:47.901220 [debug]: Finished analyzing [  0.00s] model gold.dim_date [success]
09:14:47.901284 [info ]:  Succeeded [  0.00s] model staging.stg_listings (view)
09:14:47.901342 [debug]: Finished analyzing [  0.00s] model staging.stg_listings [success]
09:14:47.901369 [info ]: Started model gold.dim_seller
09:14:47.901384 [debug]: Started rendering model gold.dim_seller
09:14:47.901416 [info ]: Started snapshot gold.dim_product_snapshot
09:14:47.901472 [debug]: Started rendering snapshot gold.dim_product_snapshot
09:14:47.901530 [info ]: Started model staging.stg_price_readings
09:14:47.901580 [debug]: Started rendering model staging.stg_price_readings
09:14:47.901641 [info ]: Started model gold.dim_brand
09:14:47.901691 [debug]: Started rendering model gold.dim_brand
09:14:47.901754 [info ]: Started model gold.dim_category
09:14:47.901772 [debug]: Started rendering model gold.dim_category
09:14:47.903891 [debug]: Started analyzing model gold.dim_seller
09:14:47.903955 [debug]: Finished rendering [  0.00s] model gold.dim_seller [success]
09:14:47.904153 [debug]: Started analyzing model gold.dim_brand
09:14:47.904249 [debug]: Started analyzing snapshot gold.dim_product_snapshot
09:14:47.904273 [info ]:  Succeeded [  0.00s] model gold.dim_brand (table)
09:14:47.904283 [debug]: Finished rendering [  0.00s] model gold.dim_brand [success]
09:14:47.904365 [debug]: Finished analyzing [  0.00s] model gold.dim_brand [success]
09:14:47.904471 [debug]: Finished rendering [  0.00s] snapshot gold.dim_product_snapshot [success]
09:14:47.904582 [info ]:  Succeeded [  0.00s] snapshot gold.dim_product_snapshot (table)
09:14:47.904601 [debug]: Finished analyzing [  0.00s] snapshot gold.dim_product_snapshot [success]
09:14:47.904626 [debug]: Started analyzing model gold.dim_category
09:14:47.904658 [debug]: Finished rendering [  0.00s] model gold.dim_category [success]
09:14:47.904754 [info ]:  Succeeded [  0.00s] model gold.dim_category (table)
09:14:47.904819 [debug]: Finished analyzing [  0.00s] model gold.dim_category [success]
09:14:47.904841 [info ]:  Succeeded [  0.00s] model gold.dim_seller (table)
09:14:47.904897 [debug]: Finished analyzing [  0.00s] model gold.dim_seller [success]
09:14:47.904921 [info ]: Started model gold.dim_product
09:14:47.904968 [debug]: Started rendering model gold.dim_product
09:14:47.905251 [debug]: Finished rendering [  0.00s] model staging.stg_price_readings [success]
09:14:47.905309 [debug]: Started analyzing model staging.stg_price_readings
09:14:47.905490 [info ]:  Succeeded [  0.00s] model staging.stg_price_readings (view)
09:14:47.905542 [debug]: Finished analyzing [  0.00s] model staging.stg_price_readings [success]
09:14:47.906710 [debug]: Started analyzing model gold.dim_product
09:14:47.906748 [debug]: Finished rendering [  0.00s] model gold.dim_product [success]
09:14:47.906875 [info ]:  Succeeded [  0.00s] model gold.dim_product (table)
09:14:47.906947 [debug]: Finished analyzing [  0.00s] model gold.dim_product [success]
09:14:47.906979 [info ]: Started model gold.fact_price_daily
09:14:47.907024 [debug]: Started rendering model gold.fact_price_daily
09:14:47.907072 [info ]: Started model gold.fact_price_change
09:14:47.907113 [debug]: Started rendering model gold.fact_price_change
09:14:47.908480 [debug]: Started analyzing model gold.fact_price_daily
09:14:47.908535 [debug]: Finished rendering [  0.00s] model gold.fact_price_daily [success]
09:14:47.908541 [debug]: Finished rendering [  0.00s] model gold.fact_price_change [success]
09:14:47.908557 [info ]: Finished rendering [  0.01s] (10 nodes, 0 skipped, 0 errors)
09:14:47.908573 [debug]: Started analyzing model gold.fact_price_change
09:14:47.908649 [info ]:  Succeeded [  0.00s] model gold.fact_price_change (table)
09:14:47.908698 [debug]: Finished analyzing [  0.00s] model gold.fact_price_change [success]
09:14:47.908719 [info ]:  Succeeded [  0.00s] model gold.fact_price_daily (table)
09:14:47.908775 [debug]: Finished analyzing [  0.00s] model gold.fact_price_daily [success]
09:14:47.908784 [info ]: Finished analyzing [  0.01s] (10 nodes, 0 skipped, 0 errors)
09:14:47.911474 [info ]: Cached model count updated: 9 models (accurate)
==================== 2026-09-04T04:58:36.458660Z | 1af6f4e4-62d8-4c08-93e0-f428084c1e8b ====================
04:58:36.459654 [info ]: Starting dbt LSP server
04:58:36.459981 [info ]: Connecting to LSP client on port 8000
04:58:36.460778 [info ]: Successfully connected to LSP client
04:58:36.460876 [info ]: Creating LSP service...
04:58:36.568769 [info ]: Creating LSP server...
04:58:36.568821 [info ]: Starting LSP server...
04:58:36.655712 [info ]: Started loading project
04:58:36.784745 [info ]: Started parsing
04:58:36.849131 [info ]: Finished loading project [  0.19s]
04:58:36.954663 [info ]: Finished parsing [  0.17s]
04:58:36.956174 [info ]: Cached model count updated: 9 models (estimate)
04:58:36.956232 [info ]: Cached model count updated: 9 models (accurate)
04:58:36.957506 [info ]: Started scheduling
04:58:36.960718 [info ]: Finished scheduling [  0.00s]
04:58:36.998593 [warn ]: dbt1050: No metadata adapter found for adapter type postgres
04:58:37.128912 [info ]: Started building task graph
04:58:37.133311 [info ]: Finished building task graph [  0.00s]
04:58:37.136840 [info ]: Started rendering (10 nodes)
04:58:37.138150 [info ]: Started model gold.dim_date
04:58:37.138981 [debug]: Started rendering model gold.dim_date
04:58:37.139327 [info ]: Started model staging.stg_listings
04:58:37.139386 [debug]: Started rendering model staging.stg_listings
04:58:37.152777 [debug]: Finished rendering [  0.01s] model staging.stg_listings [success]
04:58:37.153213 [info ]: Started analyzing (10 nodes)
04:58:37.153273 [debug]: Started analyzing model staging.stg_listings
04:58:37.153318 [debug]: Finished rendering [  0.01s] model gold.dim_date [success]
04:58:37.153358 [debug]: Started analyzing model gold.dim_date
04:58:37.155261 [info ]:  Succeeded [  0.01s] model staging.stg_listings (view)
04:58:37.155398 [debug]: Finished analyzing [  0.00s] model staging.stg_listings [success]
04:58:37.155464 [info ]: Started model gold.dim_seller
04:58:37.155508 [debug]: Started rendering model gold.dim_seller
04:58:37.155530 [info ]: Started model gold.dim_brand
04:58:37.155544 [debug]: Started rendering model gold.dim_brand
04:58:37.155594 [info ]: Started model staging.stg_price_readings
04:58:37.155644 [debug]: Started rendering model staging.stg_price_readings
04:58:37.155862 [info ]: Started snapshot gold.dim_product_snapshot
04:58:37.155970 [debug]: Started rendering snapshot gold.dim_product_snapshot
04:58:37.156059 [info ]: Started model gold.dim_category
04:58:37.156083 [debug]: Started rendering model gold.dim_category
04:58:37.156111 [info ]:  Succeeded [  0.02s] model gold.dim_date (table)
04:58:37.156134 [debug]: Finished analyzing [  0.00s] model gold.dim_date [success]
04:58:37.159308 [debug]: Finished rendering [  0.00s] model gold.dim_brand [success]
04:58:37.159383 [debug]: Started analyzing model gold.dim_brand
04:58:37.159416 [debug]: Finished rendering [  0.00s] model gold.dim_seller [success]
04:58:37.159454 [debug]: Started analyzing model gold.dim_seller
04:58:37.159471 [debug]: Finished rendering [  0.00s] model staging.stg_price_readings [success]
04:58:37.159489 [debug]: Started analyzing model staging.stg_price_readings
04:58:37.159554 [info ]:  Succeeded [  0.00s] model gold.dim_brand (table)
04:58:37.159576 [debug]: Finished analyzing [  0.00s] model gold.dim_brand [success]
04:58:37.159681 [info ]:  Succeeded [  0.00s] model staging.stg_price_readings (view)
04:58:37.159744 [debug]: Finished analyzing [  0.00s] model staging.stg_price_readings [success]
04:58:37.159769 [info ]:  Succeeded [  0.00s] model gold.dim_seller (table)
04:58:37.159783 [debug]: Finished analyzing [  0.00s] model gold.dim_seller [success]
04:58:37.160153 [debug]: Started analyzing model gold.dim_category
04:58:37.160248 [debug]: Finished rendering [  0.00s] model gold.dim_category [success]
04:58:37.160246 [info ]:  Succeeded [  0.00s] model gold.dim_category (table)
04:58:37.160460 [debug]: Finished analyzing [  0.00s] model gold.dim_category [success]
04:58:37.160491 [debug]: Finished rendering [  0.00s] snapshot gold.dim_product_snapshot [success]
04:58:37.160510 [debug]: Started analyzing snapshot gold.dim_product_snapshot
04:58:37.160818 [info ]:  Succeeded [  0.00s] snapshot gold.dim_product_snapshot (table)
04:58:37.160868 [debug]: Finished analyzing [  0.00s] snapshot gold.dim_product_snapshot [success]
04:58:37.160891 [info ]: Started model gold.dim_product
04:58:37.160903 [debug]: Started rendering model gold.dim_product
04:58:37.162733 [debug]: Started analyzing model gold.dim_product
04:58:37.162807 [debug]: Finished rendering [  0.00s] model gold.dim_product [success]
04:58:37.162838 [info ]:  Succeeded [  0.00s] model gold.dim_product (table)
04:58:37.162860 [debug]: Finished analyzing [  0.00s] model gold.dim_product [success]
04:58:37.163114 [info ]: Started model gold.fact_price_change
04:58:37.163173 [debug]: Started rendering model gold.fact_price_change
04:58:37.163233 [info ]: Started model gold.fact_price_daily
04:58:37.163286 [debug]: Started rendering model gold.fact_price_daily
04:58:37.165292 [debug]: Started analyzing model gold.fact_price_change
04:58:37.165318 [debug]: Finished rendering [  0.00s] model gold.fact_price_change [success]
04:58:37.165451 [info ]:  Succeeded [  0.00s] model gold.fact_price_change (table)
04:58:37.165473 [debug]: Finished analyzing [  0.00s] model gold.fact_price_change [success]
04:58:37.167414 [debug]: Finished rendering [  0.00s] model gold.fact_price_daily [success]
04:58:37.167492 [info ]: Finished rendering [  0.03s] (10 nodes, 0 skipped, 0 errors)
04:58:37.167537 [debug]: Started analyzing model gold.fact_price_daily
04:58:37.167668 [info ]:  Succeeded [  0.00s] model gold.fact_price_daily (table)
04:58:37.167889 [debug]: Finished analyzing [  0.00s] model gold.fact_price_daily [success]
04:58:37.167942 [info ]: Finished analyzing [  0.01s] (10 nodes, 0 skipped, 0 errors)
04:58:37.175232 [info ]: Cached model count updated: 9 models (accurate)
08:31:08.599171 [info ]: Started loading project
08:31:08.680245 [info ]: Finished loading project [  0.08s]
08:31:08.683283 [info ]: Cached model count updated: 9 models (accurate)
08:31:09.149888 [info ]: Started loading project
08:31:09.154607 [info ]: Cached model count updated: 9 models (accurate)
08:31:09.155131 [info ]: Finished loading project [  0.01s]
==================== 2026-09-07T02:59:45.770797Z | 6626d5e3-64ad-4f03-8f9a-05c86b74af15 ====================
02:59:45.773560 [info ]: Starting dbt LSP server
02:59:45.773608 [info ]: Connecting to LSP client on port 8000
02:59:45.775978 [info ]: Successfully connected to LSP client
02:59:45.776037 [info ]: Creating LSP service...
02:59:45.910353 [info ]: Creating LSP server...
02:59:45.910414 [info ]: Starting LSP server...
02:59:46.024349 [info ]: Started loading project
02:59:46.399853 [info ]: Started parsing
02:59:46.487858 [info ]: Finished loading project [  0.46s]
02:59:46.602174 [info ]: Finished parsing [  0.20s]
02:59:46.603172 [info ]: Cached model count updated: 9 models (estimate)
02:59:46.603214 [info ]: Cached model count updated: 9 models (accurate)
02:59:46.608531 [info ]: Started scheduling
02:59:46.616933 [info ]: Finished scheduling [  0.01s]
02:59:46.728919 [warn ]: dbt1050: No metadata adapter found for adapter type postgres
02:59:46.872043 [info ]: Started building task graph
02:59:46.878577 [info ]: Finished building task graph [  0.01s]
02:59:46.892098 [info ]: Started rendering (10 nodes)
02:59:46.893373 [info ]: Started model gold.dim_date
02:59:46.894614 [debug]: Started rendering model gold.dim_date
02:59:46.895375 [info ]: Started model staging.stg_listings
02:59:46.895395 [debug]: Started rendering model staging.stg_listings
02:59:46.917587 [debug]: Finished rendering [  0.02s] model gold.dim_date [success]
02:59:46.918272 [info ]: Started analyzing (10 nodes)
02:59:46.918329 [debug]: Started analyzing model gold.dim_date
02:59:46.918364 [debug]: Finished rendering [  0.02s] model staging.stg_listings [success]
02:59:46.918378 [debug]: Started analyzing model staging.stg_listings
02:59:46.918528 [info ]:  Succeeded [  0.02s] model staging.stg_listings (view)
02:59:46.918580 [debug]: Finished analyzing [  0.00s] model staging.stg_listings [success]
02:59:46.918599 [info ]: Started model gold.dim_category
02:59:46.918608 [debug]: Started rendering model gold.dim_category
02:59:46.918660 [info ]: Started model staging.stg_price_readings
02:59:46.918706 [debug]: Started rendering model staging.stg_price_readings
02:59:46.918763 [info ]: Started snapshot gold.dim_product_snapshot
02:59:46.918805 [debug]: Started rendering snapshot gold.dim_product_snapshot
02:59:46.918840 [info ]: Started model gold.dim_brand
02:59:46.918855 [debug]: Started rendering model gold.dim_brand
02:59:46.918871 [info ]: Started model gold.dim_seller
02:59:46.918878 [debug]: Started rendering model gold.dim_seller
02:59:46.918901 [info ]:  Succeeded [  0.02s] model gold.dim_date (table)
02:59:46.918920 [debug]: Finished analyzing [  0.00s] model gold.dim_date [success]
02:59:46.923050 [debug]: Finished rendering [  0.00s] model gold.dim_category [success]
02:59:46.923136 [debug]: Started analyzing model gold.dim_category
02:59:46.923165 [debug]: Finished rendering [  0.00s] model gold.dim_brand [success]
02:59:46.923180 [debug]: Started analyzing model gold.dim_brand
02:59:46.923237 [debug]: Finished rendering [  0.00s] model gold.dim_seller [success]
02:59:46.923289 [debug]: Started analyzing model gold.dim_seller
02:59:46.923354 [debug]: Finished rendering [  0.00s] snapshot gold.dim_product_snapshot [success]
02:59:46.923443 [debug]: Started analyzing snapshot gold.dim_product_snapshot
02:59:46.923679 [debug]: Finished rendering [  0.00s] model staging.stg_price_readings [success]
02:59:46.923732 [debug]: Started analyzing model staging.stg_price_readings
02:59:46.923795 [info ]:  Succeeded [  0.00s] model gold.dim_category (table)
02:59:46.923848 [debug]: Finished analyzing [  0.00s] model gold.dim_category [success]
02:59:46.923877 [info ]:  Succeeded [  0.00s] model gold.dim_brand (table)
02:59:46.923898 [debug]: Finished analyzing [  0.00s] model gold.dim_brand [success]
02:59:46.923910 [info ]:  Succeeded [  0.00s] model gold.dim_seller (table)
02:59:46.923920 [debug]: Finished analyzing [  0.00s] model gold.dim_seller [success]
02:59:46.923936 [info ]:  Succeeded [  0.00s] snapshot gold.dim_product_snapshot (table)
02:59:46.923945 [debug]: Finished analyzing [  0.00s] snapshot gold.dim_product_snapshot [success]
02:59:46.923994 [info ]: Started model gold.dim_product
02:59:46.924008 [debug]: Started rendering model gold.dim_product
02:59:46.924201 [info ]:  Succeeded [  0.00s] model staging.stg_price_readings (view)
02:59:46.924259 [debug]: Finished analyzing [  0.00s] model staging.stg_price_readings [success]
02:59:46.925845 [debug]: Started analyzing model gold.dim_product
02:59:46.925905 [debug]: Finished rendering [  0.00s] model gold.dim_product [success]
02:59:46.925999 [info ]:  Succeeded [  0.00s] model gold.dim_product (table)
02:59:46.926055 [debug]: Finished analyzing [  0.00s] model gold.dim_product [success]
02:59:46.926094 [info ]: Started model gold.fact_price_change
02:59:46.926141 [debug]: Started rendering model gold.fact_price_change
02:59:46.926221 [info ]: Started model gold.fact_price_daily
02:59:46.926264 [debug]: Started rendering model gold.fact_price_daily
02:59:46.928228 [debug]: Started analyzing model gold.fact_price_daily
02:59:46.928274 [debug]: Started analyzing model gold.fact_price_change
02:59:46.928286 [debug]: Finished rendering [  0.00s] model gold.fact_price_change [success]
02:59:46.928308 [debug]: Finished rendering [  0.00s] model gold.fact_price_daily [success]
02:59:46.928322 [info ]: Finished rendering [  0.04s] (10 nodes, 0 skipped, 0 errors)
02:59:46.928430 [info ]:  Succeeded [  0.00s] model gold.fact_price_daily (table)
02:59:46.928493 [debug]: Finished analyzing [  0.00s] model gold.fact_price_daily [success]
02:59:46.928519 [info ]:  Succeeded [  0.00s] model gold.fact_price_change (table)
02:59:46.928537 [debug]: Finished analyzing [  0.00s] model gold.fact_price_change [success]
02:59:46.928544 [info ]: Finished analyzing [  0.01s] (10 nodes, 0 skipped, 0 errors)
02:59:46.955577 [info ]: Cached model count updated: 9 models (accurate)
03:02:25.227799 [info ]: Started loading project
03:02:25.254859 [info ]: Started parsing
03:02:25.310402 [info ]: Finished loading project [  0.08s]
03:02:25.364707 [info ]: Finished parsing [  0.11s]
03:02:25.366316 [info ]: Cached model count updated: 9 models (estimate)
03:02:25.366408 [info ]: Cached model count updated: 9 models (accurate)
03:02:25.366581 [info ]: Started scheduling
03:02:25.370225 [info ]: Finished scheduling [  0.00s]
03:02:25.373958 [warn ]: dbt1050: No metadata adapter found for adapter type postgres
03:02:25.494057 [info ]: Started building task graph
03:02:25.494578 [info ]: Finished building task graph [  0.00s]
03:02:25.494907 [info ]: Started rendering (1 nodes)
03:02:25.495031 [info ]: Started model gold.fact_price_change
03:02:25.495119 [debug]: Started rendering model gold.fact_price_change
03:02:25.499395 [debug]: Finished rendering [  0.00s] model gold.fact_price_change [success]
03:02:25.499638 [info ]: Finished rendering [  0.00s] (1 nodes, 0 skipped, 0 errors)
03:02:25.499675 [info ]: Started analyzing (1 nodes)
03:02:25.499688 [debug]: Started analyzing model gold.fact_price_change
03:02:25.500473 [info ]:  Succeeded [  0.00s] model gold.fact_price_change (table)
03:02:25.500604 [debug]: Finished analyzing [  0.00s] model gold.fact_price_change [success]
03:02:25.500675 [info ]: Finished analyzing [  0.00s] (1 nodes, 0 skipped, 0 errors)
03:02:25.502013 [debug]: Incremental compilation - 1 nodes selected: {"model.tiki_gold.fact_price_change"}
03:02:25.506574 [info ]: Cached model count updated: 9 models (accurate)
03:02:35.740891 [info ]: Started loading project
03:02:35.754379 [info ]: Started parsing
03:02:35.786241 [info ]: Finished loading project [  0.05s]
03:02:35.838296 [info ]: Finished parsing [  0.08s]
03:02:35.841570 [info ]: Cached model count updated: 9 models (estimate)
03:02:35.841653 [info ]: Cached model count updated: 9 models (accurate)
03:02:35.841793 [info ]: Started scheduling
03:02:35.842186 [info ]: Finished scheduling [  0.00s]
03:02:35.846421 [warn ]: dbt1050: No metadata adapter found for adapter type postgres
03:02:35.983063 [info ]: Started building task graph
03:02:35.983305 [info ]: Finished building task graph [  0.00s]
03:02:35.983645 [info ]: Started rendering (1 nodes)
03:02:35.983725 [info ]: Started model gold.fact_price_change
03:02:35.983781 [debug]: Started rendering model gold.fact_price_change
03:02:35.988538 [debug]: Finished rendering [  0.00s] model gold.fact_price_change [success]
03:02:35.988604 [info ]: Finished rendering [  0.00s] (1 nodes, 0 skipped, 0 errors)
03:02:35.988508 [info ]: Started analyzing (1 nodes)
03:02:35.988691 [debug]: Started analyzing model gold.fact_price_change
03:02:35.989264 [info ]:  Succeeded [  0.00s] model gold.fact_price_change (table)
03:02:35.989384 [debug]: Finished analyzing [  0.00s] model gold.fact_price_change [success]
03:02:35.989398 [info ]: Finished analyzing [  0.00s] (1 nodes, 0 skipped, 0 errors)
03:02:35.989723 [debug]: Incremental compilation - 1 nodes selected: {"model.tiki_gold.fact_price_change"}
03:02:35.996863 [info ]: Cached model count updated: 9 models (accurate)
03:02:50.810260 [info ]: Started loading project
03:02:50.822455 [info ]: Started parsing
03:02:50.864740 [info ]: Finished loading project [  0.05s]
03:02:50.911981 [info ]: Finished parsing [  0.09s]
03:02:50.913250 [info ]: Cached model count updated: 9 models (estimate)
03:02:50.913291 [info ]: Cached model count updated: 9 models (accurate)
03:02:50.913393 [info ]: Started scheduling
03:02:50.913659 [info ]: Finished scheduling [  0.00s]
03:02:50.913757 [warn ]: dbt1000: The selection criterion '' does not match any enabled nodes
03:02:50.913796 [warn ]: dbt1000: Nothing to do. Try checking your model configs and model specification args
03:02:51.025422 [info ]: Started building task graph
03:02:51.025713 [info ]: Finished building task graph [  0.00s]
03:02:51.025970 [debug]: Incremental compilation - 0 nodes selected: {}
03:02:51.029210 [info ]: Cached model count updated: 9 models (accurate)
